Timestamp:  2/18/2012 2:03:20 PM:  The process cannot access the file 'C:\R_comp\src\test.R' because it is being used by another process.
Timestamp:  2/18/2012 2:03:22 PM:  The process cannot access the file 'C:\R_comp\src\test.R' because it is being used by another process.
Timestamp:  2/18/2012 2:04:35 PM:  The process cannot access the file 'C:\R_comp\src\test.R' because it is being used by another process.
Timestamp:  2/18/2012 2:04:35 PM:  The process cannot access the file 'C:\R_comp\src\test.R' because it is being used by another process.
Timestamp:  2/18/2012 2:04:40 PM:  The process cannot access the file 'C:\R_comp\src\test.R' because it is being used by another process.
Timestamp:  2/18/2012 2:04:41 PM:  The process cannot access the file 'C:\R_comp\src\test.R' because it is being used by another process.
WriteToRFile:  2/18/2012 2:05:05 PM:  The process cannot access the file 'C:\R_comp\src\test.R' because it is being used by another process.
WriteToRFile:  2/18/2012 2:05:06 PM:  The process cannot access the file 'C:\R_comp\src\test.R' because it is being used by another process.
WriteToRFile:  2/18/2012 2:06:36 PM:  The process cannot access the file 'C:\R_comp\src\test.R' because it is being used by another process.
WriteToRFile:  2/18/2012 2:06:38 PM:  The process cannot access the file 'C:\R_comp\src\test.R' because it is being used by another process.
ExecuteRFile:  2/18/2012 2:09:51 PM
ExecuteRFile:  2/18/2012 2:11:06 PM:  
ExecuteRFile:  2/18/2012 2:11:47 PM:  
ExecuteRFile:  2/18/2012 8:45:17 PM:  
ExecuteRFile:  2/18/2012 8:45:43 PM:  
ExecuteRFile:  2/18/2012 10:20:39 PM:  
ExecuteRFile:  2/18/2012 10:20:51 PM:  
ExecuteRFile:  2/18/2012 10:21:23 PM:  
ExecuteRFile:  2/18/2012 10:21:38 PM:  
ExecuteRFile:  2/18/2012 10:23:24 PM:  
ExecuteRFile:  2/18/2012 10:24:23 PM:  gotta be kidding me
ExecuteRFile:  2/18/2012 10:25:33 PM:  gotta be kidding megotta be kidding me
ExecuteRFile:  2/18/2012 10:26:26 PM:  gotta be kidding megotta be kidding megotta be kidding me
ExecuteRFile:  2/19/2012 11:38:47 AM:  gotta be kidding megotta be kidding megotta be kidding megotta be kidding me
ExecuteRFile:  2/19/2012 2:11:14 PM:  
ExecuteRFile:  2/19/2012 2:11:54 PM:  
ExecuteRFile:  2/19/2012 2:18:05 PM:  
ExecuteRFile:  2/19/2012 2:39:11 PM:  ..\..\output\test.R

ExecuteRFile:  2/19/2012 2:40:03 PM:  ..\..\output\test.R

ExecuteRFile:  2/19/2012 2:41:52 PM:  ..\..\output\test.R

ExecuteRFile:  2/19/2012 2:42:29 PM:  C:\Users\Joshua\Documents\Visual Studio 2010\Projects\Dunwich\Dunwich\output\test.R

ExecuteRFile:  2/19/2012 2:42:46 PM:  C:\Users\Joshua\Documents\Visual Studio 2010\Projects\Dunwich\Dunwich\output\test.R
gotta be kidding megotta be kidding megotta be kidding me
ExecuteRFile:  2/19/2012 3:07:23 PMThe system cannot find the file specified
ExecuteRFile:  2/19/2012 3:08:27 PM:  C:\Users\Joshua\Documents\Visual Studio 2010\Projects\Dunwich\Dunwich\output\test.R
gotta be kidding megotta be kidding megotta be kidding megotta be kidding megotta be kidding me
ExecuteRFile:  2/19/2012 3:10:16 PM:  C:\Users\Joshua\Documents\Visual Studio 2010\Projects\Dunwich\Dunwich\output\test.R
ExecuteRFile:  2/19/2012 3:10:16 PM:  gotta be kidding megotta be kidding megotta be kidding megotta be kidding megotta be kidding megotta be kidding me
WriteToRFile:  2/19/2012 9:12:16 PM:  WriteToRFile:  2/19/2012 9:12:16 PMThe process cannot access the file 'C:\Users\Joshua\Documents\Visual Studio 2010\Projects\Dunwich\Dunwich\output\test.R' because it is being used by another process.
ExecuteRFile:  2/19/2012 9:12:20 PM:  C:\Users\Joshua\Documents\Visual Studio 2010\Projects\Dunwich\Dunwich\output\test.R
ExecuteRFile:  2/19/2012 9:12:20 PM:  
WriteToRFile:  2/19/2012 9:12:49 PM:  WriteToRFile:  2/19/2012 9:12:49 PMThe process cannot access the file 'C:\Users\Joshua\Documents\Visual Studio 2010\Projects\Dunwich\Dunwich\output\test.R' because it is being used by another process.
ExecuteRFile:  2/19/2012 9:12:53 PM:  C:\Users\Joshua\Documents\Visual Studio 2010\Projects\Dunwich\Dunwich\output\test.R
ExecuteRFile:  2/19/2012 9:12:53 PM:  
WriteToRFile:  2/19/2012 9:14:35 PM:  WriteToRFile:  2/19/2012 9:14:35 PMThe process cannot access the file 'C:\Users\Joshua\Documents\Visual Studio 2010\Projects\Dunwich\Dunwich\output\test.R' because it is being used by another process.
ExecuteRFile:  2/19/2012 9:14:39 PM:  C:\Users\Joshua\Documents\Visual Studio 2010\Projects\Dunwich\Dunwich\output\test.R
ExecuteRFile:  2/19/2012 9:14:39 PM:  
ExecuteRFile:  2/19/2012 9:54:10 PM:  C:\Users\Joshua\Documents\Visual Studio 2010\Projects\Dunwich\Dunwich\output\test.R
ExecuteRFile:  2/19/2012 9:54:10 PM:  gotta be kidding me
ExecuteRFile:  2/19/2012 9:54:38 PM:  C:\Users\Joshua\Documents\Visual Studio 2010\Projects\Dunwich\Dunwich\output\test.R
ExecuteRFile:  2/19/2012 9:54:38 PM:  gotta be kidding me
ExecuteRFile:  2/19/2012 9:55:31 PM:  C:\Users\Joshua\Documents\Visual Studio 2010\Projects\Dunwich\Dunwich\output\test.R
ExecuteRFile:  2/19/2012 9:55:31 PM:  
ExecuteRFile:  2/19/2012 9:57:50 PM:  C:\Users\Joshua\Documents\Visual Studio 2010\Projects\Dunwich\Dunwich\output\test.R
ExecuteRFile:  2/19/2012 9:57:50 PM:  
ExecuteRFile:  2/19/2012 9:58:05 PM:  C:\Users\Joshua\Documents\Visual Studio 2010\Projects\Dunwich\Dunwich\output\test.R
ExecuteRFile:  2/19/2012 9:58:05 PM:  
ExecuteRFile:  2/19/2012 10:00:57 PM:  C:\Users\Joshua\Documents\Visual Studio 2010\Projects\Dunwich\Dunwich\output\test.R
ExecuteRFile:  2/19/2012 10:00:57 PM:  
ExecuteRFile:  2/19/2012 10:00:59 PM:  C:\Users\Joshua\Documents\Visual Studio 2010\Projects\Dunwich\Dunwich\output\test.R
ExecuteRFile:  2/19/2012 10:00:59 PM:  WTF
ExecuteRFile:  2/19/2012 10:02:37 PM:  C:\Users\Joshua\Documents\Visual Studio 2010\Projects\Dunwich\Dunwich\output\test.R
ExecuteRFile:  2/19/2012 10:02:37 PM:  WTF
ExecuteRFile:  2/19/2012 10:04:19 PM:  C:\Users\Joshua\Documents\Visual Studio 2010\Projects\Dunwich\Dunwich\output\test.R
ExecuteRFile:  2/19/2012 10:04:19 PM:  WTF
